---
source: tui2/src/bottom_pane/footer.rs
expression: terminal.backend()
---
"  / for commands                            shift + enter for newline           "
"  @ for file paths                          ctrl + v to paste images            "
"  esc again to edit previous message        ctrl + c to exit                    "
"  ctrl + k cut to line end                  ctrl + u cut to line start          "
"  ctrl + y paste cut text                                                       "
"  ctrl + t to view transcript                                                   "
