---
source: tui2/src/bottom_pane/chat_composer.rs
expression: terminal.backend()
---
"                                                            "
"› /res                                                      "
"                                                            "
"                                                            "
"                                                            "
"  /resume (tab)  resume a saved chat                        "
