---
source: tui2/src/bottom_pane/chat_composer.rs
expression: terminal.backend()
---
"                                                                                                    "
"› Ask Codex to do anything                                                                          "
"                                                                                                    "
"                                                                                                    "
"                                                                                                    "
"                                                                                                    "
"                                                                                                    "
"                                                                                                    "
"  / for commands                             shift + enter for newline                              "
"  @ for file paths                           ctrl + v to paste images                               "
"  esc again to edit previous message         ctrl + c to exit                                       "
"  ctrl + a / ctrl+e to jump start/end        ctrl + u / ctrl+k to clear start/end                   "
"  ⌥ + b / alt+f to jump words                ctrl + w to delete word                                "
"                                             ctrl + t to view transcript                            "
